// Jest Snapshot v1, https://goo.gl/fbAQLP

exports[`renders correctly 1`] = `
<View
  style={
    Object {
      "alignItems": "center",
      "backgroundColor": "white",
      "flex": 1,
      "justifyContent": "center",
    }
  }
>
  <View
    style={
      Object {
        "alignItems": "center",
        "marginBottom": 68,
      }
    }
  >
    <View
      style={
        Object {
          "alignItems": "center",
        }
      }
    >
      <Image
        source={1}
        style={
          Object {
            "height": 140,
            "marginTop": 20,
            "width": 150,
          }
        }
      />
      <Text
        style={
          Object {
            "color": "#59DE7E",
            "fontFamily": "HelveticaNeue-Bold",
            "fontSize": 42,
          }
        }
      >
        trackbasket
      </Text>
    </View>
    <View
      style={
        Object {
          "alignItems": "center",
          "marginTop": 10,
        }
      }
    >
      <View
        accessible={true}
        focusable={true}
        isTVSelectable={true}
        onClick={[Function]}
        onResponderGrant={[Function]}
        onResponderMove={[Function]}
        onResponderRelease={[Function]}
        onResponderTerminate={[Function]}
        onResponderTerminationRequest={[Function]}
        onStartShouldSetResponder={[Function]}
        style={
          Object {
            "opacity": 1,
          }
        }
      >
        <View
          style={
            Object {
              "alignItems": "center",
              "backgroundColor": "#59DE7E",
              "height": 90,
              "justifyContent": "center",
              "marginBottom": 10,
              "marginTop": 45,
              "shadowColor": "black",
              "shadowOffset": Object {
                "height": 5,
                "width": 3,
              },
              "shadowOpacity": 0.2,
              "shadowRadius": 15,
              "width": 200,
            }
          }
        >
          <Text
            style={
              Object {
                "color": "white",
                "fontFamily": "HelveticaNeue-Bold",
                "fontSize": 26,
                "textAlign": "center",
                "width": 150,
              }
            }
          >
            I need groceries
          </Text>
        </View>
      </View>
      <View
        style={
          Object {
            "width": 150,
          }
        }
      >
        <Text
          style={
            Object {
              "fontSize": 18,
              "textAlign": "center",
            }
          }
        >
          Set up an account and shop
        </Text>
      </View>
      <View
        accessible={true}
        focusable={true}
        isTVSelectable={true}
        onClick={[Function]}
        onResponderGrant={[Function]}
        onResponderMove={[Function]}
        onResponderRelease={[Function]}
        onResponderTerminate={[Function]}
        onResponderTerminationRequest={[Function]}
        onStartShouldSetResponder={[Function]}
        style={
          Object {
            "opacity": 1,
          }
        }
      >
        <View
          style={
            Object {
              "alignItems": "center",
              "backgroundColor": "#59DE7E",
              "height": 90,
              "justifyContent": "center",
              "marginBottom": 10,
              "marginTop": 45,
              "shadowColor": "black",
              "shadowOffset": Object {
                "height": 5,
                "width": 3,
              },
              "shadowOpacity": 0.2,
              "shadowRadius": 15,
              "width": 200,
            }
          }
        >
          <Text
            style={
              Object {
                "color": "white",
                "fontFamily": "HelveticaNeue-Bold",
                "fontSize": 26,
                "textAlign": "center",
                "width": 150,
              }
            }
          >
            I'm a volunteer
          </Text>
        </View>
      </View>
      <View
        style={
          Object {
            "width": 150,
          }
        }
      >
        <Text
          style={
            Object {
              "fontSize": 18,
              "textAlign": "center",
            }
          }
        >
          Choose a grocery list to shop
        </Text>
      </View>
    </View>
  </View>
</View>
`;
