// Jest Snapshot v1, https://goo.gl/fbAQLP

exports[`renders correctly 1`] = `
<View
  style={
    Object {
      "alignItems": "center",
      "backgroundColor": "#fff",
      "flex": 1,
      "paddingBottom": 100,
    }
  }
>
  <View
    style={
      Object {
        "width": 350,
      }
    }
  >
    <TextInput
      allowFontScaling={true}
      onChangeText={[Function]}
      onSubmitEditing={[Function]}
      placeholder="Search Items..."
      rejectResponderTermination={true}
      style={
        Object {
          "borderWidth": 1,
          "fontSize": 18,
          "height": 50,
          "marginBottom": 40,
          "marginTop": 10,
          "padding": 5,
        }
      }
      underlineColorAndroid="transparent"
      value=""
    />
    <RCTScrollView>
      <View />
    </RCTScrollView>
    <Text
      style={
        Object {
          "color": "grey",
          "fontFamily": "HelveticaNeue",
          "fontSize": 18,
          "textAlign": "center",
        }
      }
    >
      Enter a search term.
    </Text>
  </View>
</View>
`;
